MPLINK 5.09, LINKER
Linker Map File - Created Mon May 13 18:18:10 2024

                                 Section Info
                  Section       Type    Address   Location Size(Bytes)
                ---------  ---------  ---------  ---------  ---------
                   .org_0       code   0x000000    program   0x000002
                   .cinit    romdata   0x000001    program   0x000004
                   .org_1       code   0x000004    program   0x0000ca



                              Program Memory Usage 
                               Start         End      
                           ---------   ---------      
                            0x000000    0x000002      
                            0x000004    0x000068      
            104 out of 4230 program addresses used, program memory utilization is 2%



                              Symbols - Sorted by Name
                     Name    Address   Location    Storage File                     
                ---------  ---------  ---------  --------- ---------                
                     btn0   0x000047    program     static C:\Users\tanko\OneDrive\Documents\picProject.X\picProjectMain.asm
                     btn1   0x00004a    program     static C:\Users\tanko\OneDrive\Documents\picProject.X\picProjectMain.asm
                     btn2   0x00004d    program     static C:\Users\tanko\OneDrive\Documents\picProject.X\picProjectMain.asm
                   btnchk   0x000044    program     static C:\Users\tanko\OneDrive\Documents\picProject.X\picProjectMain.asm
                      c10   0x000060    program     static C:\Users\tanko\OneDrive\Documents\picProject.X\picProjectMain.asm
                      c13   0x00002a    program     static C:\Users\tanko\OneDrive\Documents\picProject.X\picProjectMain.asm
                      cl1   0x000009    program     static C:\Users\tanko\OneDrive\Documents\picProject.X\picProjectMain.asm
                      cl2   0x000015    program     static C:\Users\tanko\OneDrive\Documents\picProject.X\picProjectMain.asm
                  display   0x000005    program     static C:\Users\tanko\OneDrive\Documents\picProject.X\picProjectMain.asm
                      div   0x000010    program     static C:\Users\tanko\OneDrive\Documents\picProject.X\picProjectMain.asm
                      dr1   0x00003e    program     static C:\Users\tanko\OneDrive\Documents\picProject.X\picProjectMain.asm
                      dr2   0x00003f    program     static C:\Users\tanko\OneDrive\Documents\picProject.X\picProjectMain.asm
                     dreb   0x00003c    program     static C:\Users\tanko\OneDrive\Documents\picProject.X\picProjectMain.asm
                   encode   0x00001c    program     static C:\Users\tanko\OneDrive\Documents\picProject.X\picProjectMain.asm
                      m00   0x000056    program     static C:\Users\tanko\OneDrive\Documents\picProject.X\picProjectMain.asm
                      m01   0x00005b    program     static C:\Users\tanko\OneDrive\Documents\picProject.X\picProjectMain.asm
                      out   0x000027    program     static C:\Users\tanko\OneDrive\Documents\picProject.X\picProjectMain.asm
                    pause   0x000033    program     static C:\Users\tanko\OneDrive\Documents\picProject.X\picProjectMain.asm
                      ps1   0x000035    program     static C:\Users\tanko\OneDrive\Documents\picProject.X\picProjectMain.asm
                      ps2   0x000037    program     static C:\Users\tanko\OneDrive\Documents\picProject.X\picProjectMain.asm
                    start   0x000051    program     static C:\Users\tanko\OneDrive\Documents\picProject.X\picProjectMain.asm



                              Symbols - Sorted by Address
                     Name    Address   Location    Storage File                     
                ---------  ---------  ---------  --------- ---------                
                  display   0x000005    program     static C:\Users\tanko\OneDrive\Documents\picProject.X\picProjectMain.asm
                      cl1   0x000009    program     static C:\Users\tanko\OneDrive\Documents\picProject.X\picProjectMain.asm
                      div   0x000010    program     static C:\Users\tanko\OneDrive\Documents\picProject.X\picProjectMain.asm
                      cl2   0x000015    program     static C:\Users\tanko\OneDrive\Documents\picProject.X\picProjectMain.asm
                   encode   0x00001c    program     static C:\Users\tanko\OneDrive\Documents\picProject.X\picProjectMain.asm
                      out   0x000027    program     static C:\Users\tanko\OneDrive\Documents\picProject.X\picProjectMain.asm
                      c13   0x00002a    program     static C:\Users\tanko\OneDrive\Documents\picProject.X\picProjectMain.asm
                    pause   0x000033    program     static C:\Users\tanko\OneDrive\Documents\picProject.X\picProjectMain.asm
                      ps1   0x000035    program     static C:\Users\tanko\OneDrive\Documents\picProject.X\picProjectMain.asm
                      ps2   0x000037    program     static C:\Users\tanko\OneDrive\Documents\picProject.X\picProjectMain.asm
                     dreb   0x00003c    program     static C:\Users\tanko\OneDrive\Documents\picProject.X\picProjectMain.asm
                      dr1   0x00003e    program     static C:\Users\tanko\OneDrive\Documents\picProject.X\picProjectMain.asm
                      dr2   0x00003f    program     static C:\Users\tanko\OneDrive\Documents\picProject.X\picProjectMain.asm
                   btnchk   0x000044    program     static C:\Users\tanko\OneDrive\Documents\picProject.X\picProjectMain.asm
                     btn0   0x000047    program     static C:\Users\tanko\OneDrive\Documents\picProject.X\picProjectMain.asm
                     btn1   0x00004a    program     static C:\Users\tanko\OneDrive\Documents\picProject.X\picProjectMain.asm
                     btn2   0x00004d    program     static C:\Users\tanko\OneDrive\Documents\picProject.X\picProjectMain.asm
                    start   0x000051    program     static C:\Users\tanko\OneDrive\Documents\picProject.X\picProjectMain.asm
                      m00   0x000056    program     static C:\Users\tanko\OneDrive\Documents\picProject.X\picProjectMain.asm
                      m01   0x00005b    program     static C:\Users\tanko\OneDrive\Documents\picProject.X\picProjectMain.asm
                      c10   0x000060    program     static C:\Users\tanko\OneDrive\Documents\picProject.X\picProjectMain.asm


